<html>
<body>
<pre>
<h1>µVision Build Log</h1>
<h2>Tool Versions:</h2>
IDE-Version: ¦ÌVision V5.17.0.0
Copyright (C) 2015 ARM Ltd and ARM Germany GmbH. All rights reserved.
License Information: qq maliqi, Microsoft, LIC=DSNPC-7177D-168QV-PZWQC-7SG4N-VIYA0
 
Tool Versions:
Toolchain:       MDK-ARM Professional  Version: 5.17
Toolchain Path:  D:\Keil_v5\ARM\ARMCC\Bin
C Compiler:      Armcc.exe V5.06 update 1 (build 61)
Assembler:       Armasm.exe V5.06 update 1 (build 61)
Linker/Locator:  ArmLink.exe V5.06 update 1 (build 61)
Library Manager: ArmAr.exe V5.06 update 1 (build 61)
Hex Converter:   FromElf.exe V5.06 update 1 (build 61)
CPU DLL:         SARMCM3.DLL V5.17
Dialog DLL:      DARMSTM.DLL V1.65.0.0
Target DLL:      UL2CM3.DLL V1.156.1.0
Dialog DLL:      TARMSTM.DLL V1.64.0.0
 
<h2>Project:</h2>
D:\soft\JB\New_JB\soft\JBKZQ.uvprojx
Project File Date:  06/13/2018

<h2>Output:</h2>
*** Using Compiler 'V5.06 update 1 (build 61)', folder: 'D:\Keil_v5\ARM\ARMCC\Bin'
Build target 'Target 1'
compiling main.c...
compiling W7_SelfCheckWindowPublic.c...
compiling rt.c...
RTC\rt.c(413): warning:  #177-D: variable "i" was declared but never referenced
          char i;
RTC\rt.c(414): warning:  #177-D: variable "send_buff" was declared but never referenced
          uint8_t send_buff[10];
RTC\rt.c(10): warning:  #177-D: variable "bat_timecount" was declared but never referenced
  static uint16_t bat_timecount = 0;
RTC\rt.c: 3 warnings, 0 errors
linking...
Program Size: Code=144456 RO-data=59460 RW-data=1792 ZI-data=53328  
FromELF: creating hex file...
After Build - User command #1: fromelf.exe --bin --output  .\Objects\JB.BIN  .\Objects\JBKZQ.axf
".\Objects\JBKZQ.axf" - 0 Error(s), 3 Warning(s).

<h2>Collection of Component include folders:</h2>
  D:\soft\JB\New_JB\soft\RTE
  D:\Keil_v5\ARM\PACK\Keil\STM32F1xx_DFP\2.2.0\Device\Include

<h2>Collection of Component Files used:</h2>
Build Time Elapsed:  00:00:08
</pre>
</body>
</html>
