<html>
<body>
<pre>
<h1>µVision Build Log</h1>
<h2>Tool Versions:</h2>
IDE-Version: ¦ÌVision V5.17.0.0
Copyright (C) 2015 ARM Ltd and ARM Germany GmbH. All rights reserved.
License Information: qq maliqi, Microsoft, LIC=DSNPC-7177D-168QV-PZWQC-7SG4N-VIYA0
 
Tool Versions:
Toolchain:       MDK-ARM Professional  Version: 5.17
Toolchain Path:  D:\Keil_v5\ARM\ARMCC\Bin
C Compiler:      Armcc.exe V5.06 update 1 (build 61)
Assembler:       Armasm.exe V5.06 update 1 (build 61)
Linker/Locator:  ArmLink.exe V5.06 update 1 (build 61)
Library Manager: ArmAr.exe V5.06 update 1 (build 61)
Hex Converter:   FromElf.exe V5.06 update 1 (build 61)
CPU DLL:         SARMCM3.DLL V5.17
Dialog DLL:      DARMSTM.DLL V1.65.0.0
Target DLL:      UL2CM3.DLL V1.156.1.0
Dialog DLL:      TARMSTM.DLL V1.64.0.0
 
<h2>Project:</h2>
D:\soft\JB\New_JB\soft\JBKZQ.uvprojx
Project File Date:  06/12/2018

<h2>Output:</h2>
*** Using Compiler 'V5.06 update 1 (build 61)', folder: 'D:\Keil_v5\ARM\ARMCC\Bin'
Build target 'Target 1'
compiling stm32f10x_it.c...
compiling main.c...
compiling delay.c...
compiling usbtask.c...
compiling usb_endp.c...
compiling commenu.c...
compiling lcddrv.c...
compiling norflash.c...
FLASH\norflash.c(400): warning:  #177-D: variable "address" was declared but never referenced
  	uint32_t address = 0;
FLASH\norflash.c: 1 warning, 0 errors
compiling event.c...
compiling shieldtask.c...
compiling gprs.c...
GPRS\gprs.c(38): warning:  #177-D: variable "i" was declared but never referenced
  	uint32_t i,j;
GPRS\gprs.c(38): warning:  #177-D: variable "j" was declared but never referenced
  	uint32_t i,j;
GPRS\gprs.c: 2 warnings, 0 errors
compiling voice.c...
compiling init.c...
compiling gpioctrl.c...
compiling loop.c...
LOOP\src\loop.c(236): warning:  #167-D: argument of type "volatile LOOPS *" is incompatible with parameter of type "void *"
      memset(LOOP,0,sizeof(LOOP));
LOOP\src\loop.c(507): warning:  #167-D: argument of type "volatile u32 *" is incompatible with parameter of type "u32 *"
  			loop_answer(LOOP[loop_num].PWn);
LOOP\src\loop.c: 2 warnings, 0 errors
compiling loop_hw.c...
compiling LoopAnsOpt.c...
compiling rt.c...
RTC\rt.c(409): warning:  #177-D: variable "i" was declared but never referenced
          char i;
RTC\rt.c(410): warning:  #177-D: variable "send_buff" was declared but never referenced
          uint8_t send_buff[10];
RTC\rt.c(9): warning:  #177-D: variable "bat_timecount" was declared but never referenced
  static uint16_t bat_timecount = 0;
RTC\rt.c: 3 warnings, 0 errors
compiling UI_APP.c...
compiling W1_MainWindow.c...
compiling W2_MainWindows1.c...
compiling W3_MenuWindows.c...
compiling W4_FaultWindowPublic.c...
compiling W5_FireWindowPublic.c...
compiling W6_ShiledWindowPublic.c...
compiling W7_SelfCheckWindowPublic.c...
compiling W8_SetWindowPublic.c...
compiling W9_SetTimeWindowPublic.c...
compiling W10_EditDeviceWindowPublic.c...
UI\W10_EditDeviceWindowPublic.c(13): warning:  #550-D: variable "device_num" was set but never used
  static uint8_t device_num = 0;//?è±??àº?
UI\W10_EditDeviceWindowPublic.c: 1 warning, 0 errors
compiling W11_SetPhoneWindowPublic.c...
compiling W12_ShieldSetWindowPublic.c...
UI\W12_ShieldSetWindowPublic.c(7): warning:  #550-D: variable "select_num" was set but never used
  static uint8_t select_num = 0;
UI\W12_ShieldSetWindowPublic.c: 1 warning, 0 errors
compiling W13_ReSetWindowPublic.c...
compiling W14_FireQueryWindowPublic.c...
compiling W15_FaultQueryWindowPublic.c...
UI\W15_FaultQueryWindowPublic.c(76): warning:  #177-D: function "FaultWindows" was declared but never referenced
  static void FaultWindows(void)
UI\W15_FaultQueryWindowPublic.c: 1 warning, 0 errors
compiling W16_ShieldQueryWindowPublic.c...
compiling W17_EventQueryWindowPublic.c...
compiling W18_QueryWindowPublic.c...
compiling W20_LightSetWindowPublic.c...
compiling W19_DeviceLightWindowPublic.c...
UI\W19_DeviceLightWindowPublic.c(16): warning:  #550-D: variable "select_num" was set but never used
  static uint8_t select_num = 0;
UI\W19_DeviceLightWindowPublic.c: 1 warning, 0 errors
compiling W21_PhoneWindowPublic.c...
compiling W22_LoopLoginWindowPublic .c...
compiling W23_InfoWindowPublic.c...
compiling W24_ CommunicationWindowPublic.c...
compiling W26_ PasswordWindowPublic.c...
compiling W25_ DeviceSetWindowPublic.c...
compiling device.c...
compiling GUICharPEx.c...
linking...
Program Size: Code=140932 RO-data=59460 RW-data=1780 ZI-data=53324  
FromELF: creating hex file...
After Build - User command #1: fromelf.exe --bin --output  .\Objects\JB.BIN  .\Objects\JBKZQ.axf
".\Objects\JBKZQ.axf" - 0 Error(s), 12 Warning(s).

<h2>Collection of Component include folders:</h2>
  D:\soft\JB\New_JB\soft\RTE
  D:\Keil_v5\ARM\PACK\Keil\STM32F1xx_DFP\2.2.0\Device\Include

<h2>Collection of Component Files used:</h2>
Build Time Elapsed:  00:00:37
</pre>
</body>
</html>
